// Jest Snapshot v1, https://goo.gl/fbAQLP

exports[`SummaryGenerator Generates summary 1`] = `
"# Table of contents

* [☄ Welcome to the wiki!](README.md)
  * [console](console/README.md)
    * [bad_class_test:test](console/console_bottom.md)
  * [io](io/README.md)
    * [bad_class_test:test](io/io_open.md)
"
`;

exports[`SummaryGenerator Generates summary with a custom link 1`] = `
"# Table of contents

* [☄ Welcome to the wiki!](README.md)
  * console/MY_ROOT_DOCUMENT.md
    * console_bottom.md
  * io/MY_ROOT_DOCUMENT.md
    * io_open.md
"
`;
